[0x0000000000000000, 0x0000000000000006, 0x000000000000000d, 0x0000000000000014, 0x000000000000001c, 0x0000000000000025, 0x0000000000000030, 0x000000000000003e, 0x0000000000000051, 0x000000000000006c]
