[0xffffffffffffffff, 0x10000000000000000, 0x10000000000000001, 0x10000000000000002, 0x10000000000000003, 0x10000000000000004, 0x10000000000000005]

