[0x0000000000000000, 0x0000000000000006, 0x000000000000000c, 0x0000000000000012, 0x0000000000000018, 0x000000000000001e, 0x0000000000000024, 0x000000000000002a, 0x0000000000000030, 0x0000000000000036]

