[0x0000000000000001, 0x0000000000000003, 0x0000000000000005, 0x0000000000000007, 0x0000000000000009, 0x000000000000000b]

